user foo has an entry in /etc/shadow, but its password field in /etc/passwd is not set to 'x'
pwck: no changes
