Usage: userdel [options] LOGIN

Options:
  -f, --force                   force removal of files,
                                even if not owned by user
  -h, --help                    display this help message and exit
  -r, --remove                  remove home directory and mail spool
  -R, --root CHROOT_DIR         directory to chroot into
  -Z, --selinux-user            remove any SELinux user mapping for the user

