duplicate password entry
delete line 'foo:pass:1000:1000::/home/foo:/bin/sh'? No
user 'foo': directory '/home/foo' does not exist
duplicate password entry
delete line 'foo:pass:1001:1000::/tmp:/bin/sh'? No
user 'foo2': program '/bin/shs' does not exist
pwck: no changes
