Usage:
`cppw <file>' copys over /etc/passwd   `cppw -s <file>' copys over /etc/shadow
`cpgr <file>' copys over /etc/group    `cpgr -s <file>' copys over /etc/gshadow
