newusers: data/newusers.list: No such file or directory
