cppw: data/passwd: No such file or directory
cppw: /etc/passwd is unchanged
