userdel: group foo not removed because it is not the primary group of user foo.
