newusers: existing lock file /etc/passwd.lock without a PID
newusers: cannot lock /etc/passwd; try again later.
