root P 07/27/2005 0 99999 7 -1
daemon L 07/13/2005 0 99999 7 -1
bin L 07/13/2005 0 99999 7 -1
sys L 07/13/2005 0 99999 7 -1
sync L 07/13/2005 0 99999 7 -1
games L 07/13/2005 0 99999 7 -1
man L 07/13/2005 0 99999 7 -1
lp L 07/13/2005 0 99999 7 -1
mail L 07/13/2005 0 99999 7 -1
news L 07/13/2005 0 99999 7 -1
uucp L 07/13/2005 0 99999 7 -1
proxy L 07/13/2005 0 99999 7 -1
www-data L 07/13/2005 0 99999 7 -1
backup L 07/13/2005 0 99999 7 -1
list L 07/13/2005 0 99999 7 -1
irc L 07/13/2005 0 99999 7 -1
gnats L 07/13/2005 0 99999 7 -1
nobody L 07/13/2005 0 99999 7 -1
Debian-exim L 07/13/2005 0 99999 7 -1
foo L 07/14/2005 0 99999 7 -1
