useradd: invalid numeric argument '1a'
useradd: the INACTIVE= configuration in /etc/default/useradd will be ignored
