duplicate password entry
delete line 'Debian-exim:x:102:102::/var/spool/exim4:/bin/false'? No
duplicate password entry
delete line 'Debian-exim:x:103:102::/var/spool/exim4:/bin/false'? No
no matching password file entry in /etc/shadow
add user 'Debian-exim2' in /etc/shadow? No
no matching password file entry in /etc/shadow
add user 'Debian-exim3' in /etc/shadow? No
pwck: no changes
