Usage: newusers [options]

Options:
  -h, --help                    display this help message and exit
  -r, --system                  create system accounts
  -R, --root CHROOT_DIR         directory to chroot into

