chage: existing lock file /etc/passwd.lock without a PID
chage: cannot lock /etc/passwd; try again later.
