user 'lp': directory '/var/spool/lpd' does not exist
user 'news': directory '/var/spool/news' does not exist
user 'uucp': directory '/var/spool/uucp' does not exist
user 'www-data': directory '/var/www' does not exist
user 'list': directory '/var/list' does not exist
user 'irc': directory '/var/run/ircd' does not exist
user 'gnats': directory '/var/lib/gnats' does not exist
user 'nobody': directory '/nonexistent' does not exist
user 'Debian-exim': directory '/var/spool/exim4' does not exist
user 'test': no group 10002
no matching password file entry in /etc/shadow
add user 'test' in /etc/shadow? No
pwck: no changes
