cppw: wrong number of arguments, -h for usage
cppw: no changes
