userdel: group foo not removed because it has other members.
