newusers: existing lock file /etc/shadow.lock without a PID
newusers: cannot lock /etc/shadow; try again later.
