Login       Failures Maximum Latest                   On

