Username         Port     From             Latest
root                                       **Never logged in**
daemon                                     **Never logged in**
bin                                        **Never logged in**
sys                                        **Never logged in**
sync                                       **Never logged in**
games                                      **Never logged in**
man                                        **Never logged in**
lp                                         **Never logged in**
mail                                       **Never logged in**
news                                       **Never logged in**
uucp                                       **Never logged in**
proxy                                      **Never logged in**
www-data                                   **Never logged in**
backup                                     **Never logged in**
list                                       **Never logged in**
irc                                        **Never logged in**
gnats                                      **Never logged in**
nobody                                     **Never logged in**
Debian-exim                                **Never logged in**
