expiry: unexpected argument: foo
Usage: expiry [options]

Options:
  -c, --check                   check the user's password expiration
  -f, --force                   force password change if the user's password
                                is expired
  -h, --help                    display this help message and exit

