useradd: group 'invalidgroup' does not exist
useradd: the GROUP= configuration in /etc/default/useradd will be ignored
