newusers: existing lock file /etc/gshadow.lock without a PID
newusers: cannot lock /etc/gshadow; try again later.
