useradd: invalid numeric argument '-2'
useradd: the INACTIVE= configuration in /etc/default/useradd will be ignored
