GROUP=100
HOME=/home
INACTIVE=-1
EXPIRE=
SHELL=
SKEL=/etc/skel
CREATE_MAIL_SPOOL=no
