chage: existing lock file /etc/shadow.lock without a PID
chage: cannot lock /etc/shadow; try again later.
