Usage: pwconv [options]

Options:
  -h, --help                    display this help message and exit
  -R, --root CHROOT_DIR         directory to chroot into

