configuration error - unknown item 'KEY' (notify administrator)
