user foo: last password change in the future
pwck: no changes
