group foo: no user bar
delete member 'bar'? No
grpck: no changes
