useradd: group foo exists - if you want to add this user to that group, use -g.
