GROUP=10
HOME=/tmp
INACTIVE=12
EXPIRE=2007-12-02
SHELL=/bin/sh
SKEL=/etc/skel
CREATE_MAIL_SPOOL=no
