cppw: existing lock file /etc/passwd.lock without a PID
cppw: Couldn't lock file
cppw: /etc/passwd is unchanged
